../Core/Src/main.c:86:5:main	8	static
../Core/Src/main.c:134:6:SystemClock_Config	88	static
../Core/Src/main.c:178:13:MX_ADC1_Init	56	static
../Core/Src/main.c:242:13:MX_DAC1_Init	56	static
../Core/Src/main.c:286:13:MX_LPUART1_UART_Init	8	static
../Core/Src/main.c:330:13:MX_GPIO_Init	48	static
../Core/Src/main.c:366:6:ADC_Read_blocking	8	static
../Core/Src/main.c:379:6:DAC_Update	8	static
../Core/Src/main.c:396:6:HAL_GPIO_EXTI_Callback	16	static
../Core/Src/main.c:407:6:Error_Handler	4	static,ignoring_inline_asm
